C:\ST\STM32CubeIDE_1.17.0\STM32CubeIDE\plugins\com.st.stm32cube.ide.mcu.externaltools.gnu-tools-for-stm32.12.3.rel1.win32_1.1.0.202410251130\tools\bin/../lib/gcc/arm-none-eabi/12.3.1/../../../../arm-none-eabi/include/c++/12.3.1/bits/basic_string.h:4020:3:std::string std::__cxx11::to_string(int)	40	static
C:\ST\STM32CubeIDE_1.17.0\STM32CubeIDE\plugins\com.st.stm32cube.ide.mcu.externaltools.gnu-tools-for-stm32.12.3.rel1.win32_1.1.0.202410251130\tools\bin/../lib/gcc/arm-none-eabi/12.3.1/../../../../arm-none-eabi/include/c++/12.3.1/bits/basic_string.h:4059:3:std::string std::__cxx11::to_string(long unsigned int)	32	static
C:\ST\STM32CubeIDE_1.17.0\STM32CubeIDE\plugins\com.st.stm32cube.ide.mcu.externaltools.gnu-tools-for-stm32.12.3.rel1.win32_1.1.0.202410251130\tools\arm-none-eabi\include\c++\12.3.1\arm-none-eabi\thumb\v7e-m+fp\hard\bits\gthr-default.h:229:1:int __gthread_key_delete(__gthread_key_t)	16	static
C:\ST\STM32CubeIDE_1.17.0\STM32CubeIDE\plugins\com.st.stm32cube.ide.mcu.externaltools.gnu-tools-for-stm32.12.3.rel1.win32_1.1.0.202410251130\tools\bin/../lib/gcc/arm-none-eabi/12.3.1/../../../../arm-none-eabi/include/c++/12.3.1/type_traits:67:17:constexpr std::integral_constant<_Tp, __v>::operator value_type() const [with _Tp = bool; _Tp __v = true]	16	static
../Core/Src/freertos.cpp:143:6:void vApplicationGetIdleTaskMemory(StaticTask_t**, StackType_t**, uint32_t*)	24	static
../Core/Src/freertos.cpp:157:6:void MX_FREERTOS_Init()	200	static
../Core/Src/freertos.cpp:221:6:void MainTask(const void*)	216	static
../Core/Src/freertos.cpp:312:6:void motor_pool(const void*)	16	static
../Core/Src/freertos.cpp:335:6:void LedTask(const void*)	16	static
../Core/Src/freertos.cpp:366:6:void CallTask(const void*)	16	static
../Core/Src/freertos.cpp:395:6:void uart_Task(const void*)	56	static
../Core/Src/freertos.cpp:469:6:void LoggerTask(const void*)	16	static
../Core/Src/freertos.cpp:483:6:void actoin_motor_set(cJSON*, bool)	280	static
../Core/Src/freertos.cpp:673:24:actoin_ip(cJSON*, bool)::<lambda(const char*, uint8_t*)>	48	static
../Core/Src/freertos.cpp:717:25:actoin_ip(cJSON*, bool)::<lambda(const char*, uint8_t*)>	48	static
../Core/Src/freertos.cpp:655:6:void actoin_ip(cJSON*, bool)	224	static
../Core/Src/freertos.cpp:855:6:void actoin_resp_all_set()	1024	static
../Core/Src/freertos.cpp:934:6:void actoin_resp_status()	48	static
C:\ST\STM32CubeIDE_1.17.0\STM32CubeIDE\plugins\com.st.stm32cube.ide.mcu.externaltools.gnu-tools-for-stm32.12.3.rel1.win32_1.1.0.202410251130\tools\bin/../lib/gcc/arm-none-eabi/12.3.1/../../../../arm-none-eabi/include/c++/12.3.1/bits/charconv.h:47:5:constexpr unsigned int std::__detail::__to_chars_len(_Tp, int) [with _Tp = unsigned int]	32	static
C:\ST\STM32CubeIDE_1.17.0\STM32CubeIDE\plugins\com.st.stm32cube.ide.mcu.externaltools.gnu-tools-for-stm32.12.3.rel1.win32_1.1.0.202410251130\tools\bin/../lib/gcc/arm-none-eabi/12.3.1/../../../../arm-none-eabi/include/c++/12.3.1/bits/charconv.h:72:5:void std::__detail::__to_chars_10_impl(char*, unsigned int, _Tp) [with _Tp = unsigned int]	40	static
C:\ST\STM32CubeIDE_1.17.0\STM32CubeIDE\plugins\com.st.stm32cube.ide.mcu.externaltools.gnu-tools-for-stm32.12.3.rel1.win32_1.1.0.202410251130\tools\bin/../lib/gcc/arm-none-eabi/12.3.1/../../../../arm-none-eabi/include/c++/12.3.1/bits/charconv.h:47:5:constexpr unsigned int std::__detail::__to_chars_len(_Tp, int) [with _Tp = long unsigned int]	32	static
C:\ST\STM32CubeIDE_1.17.0\STM32CubeIDE\plugins\com.st.stm32cube.ide.mcu.externaltools.gnu-tools-for-stm32.12.3.rel1.win32_1.1.0.202410251130\tools\bin/../lib/gcc/arm-none-eabi/12.3.1/../../../../arm-none-eabi/include/c++/12.3.1/bits/charconv.h:72:5:void std::__detail::__to_chars_10_impl(char*, unsigned int, _Tp) [with _Tp = long unsigned int]	40	static
C:\ST\STM32CubeIDE_1.17.0\STM32CubeIDE\plugins\com.st.stm32cube.ide.mcu.externaltools.gnu-tools-for-stm32.12.3.rel1.win32_1.1.0.202410251130\tools\bin/../lib/gcc/arm-none-eabi/12.3.1/../../../../arm-none-eabi/include/c++/12.3.1/bits/basic_string.h:3524:5:std::__cxx11::basic_string<_CharT, _Traits, _Alloc> std::operator+(__cxx11::basic_string<_CharT, _Traits, _Alloc>&&, __cxx11::basic_string<_CharT, _Traits, _Alloc>&&) [with _CharT = char; _Traits = char_traits<char>; _Alloc = allocator<char>]	56	static
C:\ST\STM32CubeIDE_1.17.0\STM32CubeIDE\plugins\com.st.stm32cube.ide.mcu.externaltools.gnu-tools-for-stm32.12.3.rel1.win32_1.1.0.202410251130\tools\bin/../lib/gcc/arm-none-eabi/12.3.1/../../../../arm-none-eabi/include/c++/12.3.1/bits/basic_string.h:3561:5:std::__cxx11::basic_string<_CharT, _Traits, _Alloc> std::operator+(__cxx11::basic_string<_CharT, _Traits, _Alloc>&&, const _CharT*) [with _CharT = char; _Traits = char_traits<char>; _Alloc = allocator<char>]	24	static
C:\ST\STM32CubeIDE_1.17.0\STM32CubeIDE\plugins\com.st.stm32cube.ide.mcu.externaltools.gnu-tools-for-stm32.12.3.rel1.win32_1.1.0.202410251130\tools\bin/../lib/gcc/arm-none-eabi/12.3.1/../../../../arm-none-eabi/include/c++/12.3.1/bits/allocator.h:205:7:bool std::operator==(const allocator<char>&, const allocator<char>&)	16	static
C:\ST\STM32CubeIDE_1.17.0\STM32CubeIDE\plugins\com.st.stm32cube.ide.mcu.externaltools.gnu-tools-for-stm32.12.3.rel1.win32_1.1.0.202410251130\tools\bin/../lib/gcc/arm-none-eabi/12.3.1/../../../../arm-none-eabi/include/c++/12.3.1/bits/move.h:104:5:constexpr typename std::remove_reference<_Tp>::type&& std::move(_Tp&&) [with _Tp = __cxx11::basic_string<char>&]	16	static
../Core/Src/freertos.cpp:1012:1:void __static_initialization_and_destruction_0(int, int)	16	static
../Core/Src/freertos.cpp:1012:1:cpp)	8	static
../Core/Src/freertos.cpp:1012:1:cpp)	8	static
