../Drivers/CMSIS/Include/core_cm4.h:1938:34:void __NVIC_SystemReset()	4	static,ignoring_inline_asm
../Core/Src/main.cpp:120:5:int main()	168	static
../Core/Src/main.cpp:324:6:void SystemClock_Config()	88	static
../Core/Src/main.cpp:366:1:int __io_putchar(int)	16	static
../Core/Src/main.cpp:372:9:uint8_t ReadStraps()	16	static
../Core/Src/main.cpp:403:6:void finishedBlink()	16	static
../Core/Src/main.cpp:430:6:void timoutBlink()	16	static
../Core/Src/main.cpp:444:16:uint8_t isInInterrupt()	4	static
../Core/Src/main.cpp:449:12:int getFreeMessageSlot()	16	static
../Core/Src/main.cpp:460:6:void Logger_Init(UART_HandleTypeDef*)	48	static
../Core/Src/main.cpp:480:6:void Logger_Process()	48	static,ignoring_inline_asm
../Core/Src/main.cpp:535:6:void Logger_TxCpltCallback()	4	static
../Core/Src/main.cpp:540:6:)	56	static,ignoring_inline_asm
../Core/Src/main.cpp:614:6:void HAL_UART_TxCpltCallback(UART_HandleTypeDef*)	16	static
../Core/Src/main.cpp:620:6:void HAL_TIM_OC_DelayElapsedCallback(TIM_HandleTypeDef*)	16	static
../Core/Src/main.cpp:739:6:void HAL_GPIO_EXTI_Callback(uint16_t)	16	static
../Core/Src/main.cpp:751:6:void HAL_UARTEx_RxEventCallback(UART_HandleTypeDef*, uint16_t)	56	static
../Core/Src/main.cpp:821:6:void HAL_TIM_PeriodElapsedCallback(TIM_HandleTypeDef*)	16	static
../Core/Src/main.cpp:853:6:void Error_Handler()	8	static,ignoring_inline_asm
../Core/Src/main.cpp:863:1:void __static_initialization_and_destruction_0(int, int)	32	static
../Core/Src/main.cpp:863:1:cpp)	8	static
../Core/Src/main.cpp:863:1:cpp)	8	static
